ERROR: 2022/01/18 16:23:04 listing11.go:46: Something has failed
